// Jest Snapshot v1, https://goo.gl/fbAQLP

exports[`PostTypeJitsi should render null if the post type is null 1`] = `""`;

exports[`PostTypeJitsi should render the default topic if the topic is empty 1`] = `
<h1
  style={
    Object {
      "fontSize": "16px",
      "fontWeight": "600",
      "height": "22px",
      "lineHeight": "18px",
      "margin": "5px 0 1px 0",
      "padding": "0",
    }
  }
>
  <FormattedMessage
    defaultMessage="Greet Meeting"
    id="jitsi.default-title"
    values={Object {}}
  />
</h1>
`;
